A Tinkerer's Assembler for the 6502/65c02/65816
Version BETA 11. Jan 2019
Copyright 2015-2019 Scot W. Stevenson <scot.stevenson@gmail.com>
This program comes with ABSOLUTELY NO WARRANTY

Code listing for file testrom65816.tasm
Generated on Sat Jan 12 07:18:21 2019
Target MPU: 65816
Number of passes executed: 35
Number of steps executed: 10
Assembly time: 0.02677 seconds
Code origin: 00e000
Bytes of machine code: 8192

LISTING:
   Line  Status/Type State/Width Address     Bytes     Instruction
   1:000 | DONE cmt | em  8  8 |        |             | ; Test 8 KB ROM System for Angua
   2:000 | DONE cmt | em  8  8 |        |             | ; Scot W. Stevenson <scot.stevenson@gmail.com>
   3:000 | DONE cmt | em  8  8 |        |             | ; First version: 02. Jan 2019
   4:000 | DONE cmt | em  8  8 |        |             | ; This version: 11. Jan 2019
   5:000 | DONE wsp | em  8  8 |        |             |
   6:000 | DONE cmt | em  8  8 |        |             | ; After assembly, this creates an 8 kb binary file that can be
   7:000 | DONE cmt | em  8  8 |        |             | ; loaded to $E000 in a simulator. The syntax is for the Tinkerer's Assember
   8:000 | DONE cmt | em  8  8 |        |             | ; https://github.com/scotws/tinkasm in TAN. Later, a new assembler will be
   9:000 | DONE cmt | em  8  8 |        |             | ; written in Simpler Assembler Notation (SAN).
  10:000 | DONE wsp | em  8  8 |        |             |
  11:000 | DONE dir | em  8  8 |        |             |         .mpu 65816                   
  12:000 | DONE dir | em  8  8 |        |             |         .origin 0xE000               
  13:000 | DONE wsp | em  8  8 |        |             |
  14:000 | DONE dir | em  8  8 |        |             |         .equ putchar 0xF001          
  15:000 | DONE dir | em  8  8 |        |             |         .equ getchar 0xF002          blocks
  16:000 | DONE wsp | em  8  8 |        |             |
  17:000 | DONE lbl | em  8  8 | 00e000 |             | vectors                              
  18:000 | DONE cmt | em  8  8 |        |             |         ; All vectors land here because this is just a test
  19:000 | DONE cmt | em  8  8 |        |             |         ; The 65816 automatically sets the interrupt flag so we don't have to
  20:000 | DONE cmt | em  8  8 |        |             |         ; add a SEI
  21:000 | DONE ins | em  8  8 | 00e000 | 18          |                 clc                  
  21:001 | DONE ins | em  8  8 | 00e001 | fb          |                 xce                  
  21:002 | DONE ctl | na  8  8 |        |             |         .!native
  22:000 | DONE wsp | na  8  8 |        |             |
  23:000 | DONE cmt | na  8  8 |        |             |                 ; We need a few instructions to get started with testing
  24:000 | DONE ins | na  8  8 | 00e002 | ad 02 f0    |                 lda 00f002           test external routine, get one byte
  25:000 | DONE ins | na  8  8 | 00e005 | 85 01       |                 sta.d 01             
  26:000 | DONE wsp | na  8  8 |        |             |
  27:000 | DONE ins | na  8  8 | 00e007 | a9 61       |                 lda.# 61             this will later be lda.8
  28:000 | DONE ins | na  8  8 | 00e009 | 8d 01 f0    |                 sta 00f001           
  29:000 | DONE wsp | na  8  8 |        |             |
  30:000 | DONE ins | na  8  8 | 00e00c | ea          |                 nop                  gotta have a NOP
  31:000 | DONE wsp | na  8  8 |        |             |
  32:000 | DONE ins | na  8  8 | 00e00d | ad 00 e0    |                 lda 0xE000           first byte of our own routine should be 0x18
  33:000 | DONE ins | na  8  8 | 00e010 | 85 00       |                 sta.d 00             
  34:000 | DONE wsp | na  8  8 |        |             |
  35:000 | DONE ins | na  8  8 | 00e012 | e8          |                 inx                  
  36:000 | DONE ins | na  8  8 | 00e013 | a9 ff       |                 lda.# 0xFF           lda.8
  37:000 | DONE ins | na  8  8 | 00e015 | c2 30       |                 rep 30               
  37:001 | DONE ctl | na 16  8 |        |             |         .!a16
  37:002 | DONE ctl | na 16 16 |        |             |         .!xy16
  38:000 | DONE ins | na 16 16 | 00e017 | eb          |                 xba                  
  39:000 | DONE wsp | na 16 16 |        |             |
  40:000 | DONE ins | na 16 16 | 00e018 | e8          |                 inx                  
  41:000 | DONE ins | na 16 16 | 00e019 | 9a          |                 txs                  SP should be 0002
  42:000 | DONE ins | na 16 16 | 00e01a | e2 20       |                 sep 20               
  42:001 | DONE ctl | na  8 16 |        |             |         .!a8
  43:000 | DONE ins | na  8 16 | 00e01c | db          |                 stp                  enough for the beginning
  44:000 | DONE wsp | na  8 16 |        |             |
  45:000 | DONE cmt | na  8 16 |        |             |         ; Jump table for interrupts. We are only interested in those for native
  46:000 | DONE cmt | na  8 16 |        |             |         ; mode, though we keep those in emulation mode
  47:000 | DONE wsp | na  8 16 |        |             |
  48:000 | DONE dir | na  8 16 | 00e01d | (8135x 00)  |         .advance 0x0FFE4             
  49:000 | DONE wsp | na  8 16 |        |             |
  50:000 | DONE dir | na  8 16 | 00ffe4 | (2 bytes)   |         .word 00e000                 0xFFE4  COP   (native mode)
  50:000 | DONE dir | na  8 16 |        |             |                 00 e0                    --  . .
  51:000 | DONE dir | na  8 16 | 00ffe6 | (2 bytes)   |         .word 00e000                 0xFFE6  BRK   (native mode)
  51:000 | DONE dir | na  8 16 |        |             |                 00 e0                    --  . .
  52:000 | DONE dir | na  8 16 | 00ffe8 | (2 bytes)   |         .word 00e000                 0xFFE8  ABORT (native mode)
  52:000 | DONE dir | na  8 16 |        |             |                 00 e0                    --  . .
  53:000 | DONE dir | na  8 16 | 00ffea | (2 bytes)   |         .word 00e000                 0xFFEA  NMI   (native mode)
  53:000 | DONE dir | na  8 16 |        |             |                 00 e0                    --  . .
  54:000 | DONE dir | na  8 16 | 00ffec | (2 bytes)   |         .word 0000                   0xFFEC  unused
  54:000 | DONE dir | na  8 16 |        |             |                 00 00                    --  . .
  55:000 | DONE dir | na  8 16 | 00ffee | (2 bytes)   |         .word 00e000                 0xFFEE  IRQ   (native mode)
  55:000 | DONE dir | na  8 16 |        |             |                 00 e0                    --  . .
  56:000 | DONE dir | na  8 16 | 00fff0 | (2 bytes)   |         .word 0000                   0xFFF0  unused
  56:000 | DONE dir | na  8 16 |        |             |                 00 00                    --  . .
  57:000 | DONE dir | na  8 16 | 00fff2 | (2 bytes)   |         .word 0000                   0xFFF2  unused
  57:000 | DONE dir | na  8 16 |        |             |                 00 00                    --  . .
  58:000 | DONE dir | na  8 16 | 00fff4 | (2 bytes)   |         .word 00e000                 0xFFF4  COP   (emulation mode)
  58:000 | DONE dir | na  8 16 |        |             |                 00 e0                    --  . .
  59:000 | DONE dir | na  8 16 | 00fff6 | (2 bytes)   |         .word 0000                   0xFFF6  unused
  59:000 | DONE dir | na  8 16 |        |             |                 00 00                    --  . .
  60:000 | DONE dir | na  8 16 | 00fff8 | (2 bytes)   |         .word 00e000                 0xFFF8  ABORT (emulation mode)
  60:000 | DONE dir | na  8 16 |        |             |                 00 e0                    --  . .
  61:000 | DONE dir | na  8 16 | 00fffa | (2 bytes)   |         .word 00e000                 0xFFFA  NMI   (emulation mode)
  61:000 | DONE dir | na  8 16 |        |             |                 00 e0                    --  . .
  62:000 | DONE dir | na  8 16 | 00fffc | (2 bytes)   |         .word 00e000                 0xFFFC  RESET
  62:000 | DONE dir | na  8 16 |        |             |                 00 e0                    --  . .
  63:000 | DONE dir | na  8 16 | 00fffe | (2 bytes)   |         .word 00e000                 0xFFFE  IRQ   (emulation mode)
  63:000 | DONE dir | na  8 16 |        |             |                 00 e0                    --  . .
  64:000 | DONE wsp | na  8 16 |        |             |
  65:000 | DONE dir | na  8 16 |        |             |         .end                         

MACROS:
        (none)

SYMBOL TABLE:
- getchar : 00f002
- putchar : 00f001
- vectors : 00e000
